
> test
> npm run check:bookmarklet && npm run test:e2e


> check:bookmarklet
> node scripts/build-bookmarklet.mjs --check

Bookmarklet check passed.

> test:e2e
> playwright test


Running 57 tests using 6 workers

[1A[2K[1/57] tests/e2e/core.spec.js:44:1 › negative wording does not count as completion
[1A[2K[2/57] tests/e2e/core.spec.js:135:1 › existing-ready honors completion from the opening response already in flight
[1A[2K[3/57] tests/e2e/core.spec.js:96:1 › existing-ready adopts an already-active opening response before sending its compact first contract
[1A[2K[4/57] tests/e2e/core.spec.js:3:1 › canonical runner completes a normal multi-step sequence
[1A[2K[5/57] tests/e2e/core.spec.js:59:1 › opening-message-already-sent uses a compact safety contract
[1A[2K[6/57] tests/e2e/core.spec.js:27:1 › completion marker is accepted only when it is the final non-empty line
[1A[2K[7/57] tests/e2e/core.spec.js:163:1 › compact existing-ready contract preserves work style and decision mode
[1A[2K[8/57] tests/e2e/core.spec.js:184:1 › compact full contract preserves every original semantic topic
[1A[2K[9/57] tests/e2e/core.spec.js:235:1 › new-task mode embeds the task into the first runner prompt
[1A[2K[10/57] tests/e2e/core.spec.js:250:1 › work-style selector can start a Deep run
[1A[2K[11/57] tests/e2e/core.spec.js:275:1 › decision-mode selector can request Collaborative checkpoints
[1A[2K[12/57] tests/e2e/core.spec.js:297:1 › committed bookmarklet artifact boots the same runner in a browser
[1A[2K[13/57] tests/e2e/delivery-retry-wake.spec.js:3:1 › delivery timeout on an immediate wake retries the same wake cycle without Stop or an extra send
[1A[2K[14/57] tests/e2e/diagnostic.spec.js:13:1 › diagnostic snapshot is versioned, self-contained and non-mutating during an active response
[1A[2K[15/57] tests/e2e/diagnostic.spec.js:66:1 › diagnostic snapshot flags visible text when the Assistant wrapper selector drifts
[1A[2K[16/57] tests/e2e/diagnostic.spec.js:118:1 › panel diagnostic action downloads the same versioned JSON contract
[1A[2K[17/57] tests/e2e/handoff.spec.js:16:1 › valid handoff opens a fresh regular chat and continues with a wrapped new-task prompt
[1A[2K[18/57] tests/e2e/handoff.spec.js:54:1 › handoff reads the authoritative full assistant selection instead of a later markdown fragment
[1A[2K[19/57] tests/e2e/handoff.spec.js:86:1 › project handoff uses the exact project New Chat action and stays in the project route
[1A[2K[20/57] tests/e2e/handoff.spec.js:135:1 › malformed handoff stops with an explicit error instead of silently continuing
[1A[2K[21/57] tests/e2e/handoff.spec.js:106:1 › Deep work style and Collaborative decision mode persist across automatic handoff
[1A[2K[22/57] tests/e2e/intermediate.spec.js:3:1 › due intermediate message takes precedence over completion at the same boundary
[1A[2K[23/57] tests/e2e/intermediate.spec.js:25:1 › scheduled intermediate message is sent after the requested number of completed responses
[1A[2K[24/57] tests/e2e/intermediate.spec.js:46:1 › immediate intermediate message sends while Stop is visible without clicking Stop
[1A[2K[25/57] tests/e2e/intermediate.spec.js:74:1 › queued-message CRUD and same-boundary ordering remain deterministic
[1A[2K[26/57] tests/e2e/live-smoke.spec.js:9:1 › live smoke check validates the current DOM contract without mutating chat state
[1A[2K[27/57] tests/e2e/panel-order.spec.js:3:1 › management panel keeps frequent controls above test and diagnostic sections
[1A[2K[28/57] tests/e2e/recovery.spec.js:6:1 › occupied composer defers automatic send and resumes after the user clears it
[1A[2K[29/57] tests/e2e/recovery.spec.js:20:1 › a deferred first contract survives an explicit immediate message
[1A[2K[30/57] tests/e2e/recovery.spec.js:61:1 › stale visible composer does not steal runner insertion from the current composer
[1A[2K[31/57] tests/e2e/recovery.spec.js:77:1 › restart fully resets a completed runner for a second task
[1A[2K[32/57] tests/e2e/recovery.spec.js:125:1 › step limit stops after the completed response and before another send
[1A[2K[33/57] tests/e2e/recovery.spec.js:143:1 › assistant search-unit fallback is accepted when the preferred markdown wrapper is absent
[1A[2K[34/57] tests/e2e/recovery.spec.js:157:1 › replacing a turn DOM node with the same turn key does not lose the active cycle
[1A[2K[35/57] tests/e2e/recovery.spec.js:172:1 › final UI appearing before the last DOM mutation does not evaluate an incomplete response
[1A[2K[36/57] tests/e2e/recovery.spec.js:195:1 › runner follows the latest post-send turn when the user sends messages while ChatGPT is working
[1A[2K[37/57] tests/e2e/regressions.spec.js:3:1 › Stopped thinking without an Assistant body exits WAITING_FOR_RESPONSE with a diagnosable error
[1A[2K[38/57] tests/e2e/regressions.spec.js:18:1 › Stopped thinking with a due queued message recovers by sending that message
[1A[2K[39/57] tests/e2e/regressions.spec.js:40:1 › streamed response is evaluated only after generation ends and text stabilizes
[1A[2K[40/57] tests/e2e/regressions.spec.js:61:1 › deferred continuation is superseded by a manually sent completed turn
[1A[2K[41/57] tests/e2e/regressions.spec.js:87:1 › manual turn during continuation delay is evaluated before stale continuation
[1A[2K[42/57] tests/e2e/regressions.spec.js:130:1 › delivery timeout clicks Retry once and continues the same runner cycle
[1A[2K[43/57] tests/e2e/regressions.spec.js:155:1 › a second delivery timeout stops instead of creating an automatic Retry loop
[1A[2K[44/57] tests/e2e/regressions.spec.js:184:1 › connection interruption recovers a handoff when only the outer closing marker is missing
[1A[2K[45/57] tests/e2e/regressions.spec.js:224:1 › connection interruption never promotes a bare completion marker to DONE
[1A[2K[46/57] tests/e2e/regressions.spec.js:243:1 › pending first send yields to a newer interrupted external handoff instead of sending stale setup
[1A[2K[47/57] tests/e2e/wake.spec.js:30:1 › start panel exposes configurable wake defaults and presets
[1A[2K[48/57] tests/e2e/wake.spec.js:62:1 › edited wake delay and message are used for the active response
[1A[2K[49/57] tests/e2e/wake.spec.js:88:1 › response that completes before five minutes is never nudged
[1A[2K[50/57] tests/e2e/wake.spec.js:103:1 › same active response is nudged once after five minutes without clicking Stop
[1A[2K[51/57] tests/e2e/wake.spec.js:131:1 › wake inserts text before requiring Send while generation is active
[1A[2K[52/57] tests/e2e/wake.spec.js:175:1 › wake eligibility resets for the next tracked Assistant response
[1A[2K[53/57] tests/e2e/wake.spec.js:203:1 › occupied composer defers the wake without overwriting user text
[1A[2K[54/57] tests/e2e/wake.spec.js:234:1 › existing-ready wakes the opening response that was already generating and preserves the pending compact contract
[1A[2K[55/57] tests/e2e/wake.spec.js:284:1 › existing-ready connection interruption suppresses wake even when Stop lingers
[1A[2K[56/57] tests/e2e/wake.spec.js:317:1 › tracked generation still wakes when its turn DOM is temporarily unavailable
[1A[2K[57/57] tests/e2e/wake.spec.js:342:1 › ordinary startup defers behind unrelated generation without nudging it
[1A[2K  57 passed (26.7s)
